// Jest Snapshot v1, https://goo.gl/fbAQLP

exports[`Welcome screen should render the component without crashing 1`] = `
<RNCSafeAreaProvider
  onInsetsChange={[Function]}
  style={
    Array [
      Object {
        "flex": 1,
      },
      undefined,
    ]
  }
>
  <View
    style={
      Object {
        "flex": 1,
      }
    }
    testID="WelcomeScreen"
  >
    <View
      onLayout={[Function]}
      style={
        Array [
          Array [
            Object {
              "backgroundColor": "#ffffff",
              "flex": 1,
              "height": "100%",
            },
            Object {
              "backgroundColor": "rgba(0, 0, 0, 0)",
            },
          ],
          Object {
            "paddingBottom": 0,
          },
        ]
      }
    >
      <View
        style={
          Array [
            Object {
              "backgroundColor": "#ffffff",
              "flex": 1,
              "height": "100%",
            },
            Object {
              "backgroundColor": "rgba(0, 0, 0, 0)",
            },
            Object {
              "paddingTop": 0,
            },
          ]
        }
      >
        <RCTScrollView
          contentContainerStyle={
            Array [
              Object {
                "alignItems": "stretch",
                "justifyContent": "flex-start",
              },
              Object {
                "backgroundColor": "rgba(0, 0, 0, 0)",
                "paddingHorizontal": 16,
              },
            ]
          }
          keyboardShouldPersistTaps="handled"
          style={
            Array [
              Object {
                "backgroundColor": "#ffffff",
                "flex": 1,
                "height": "100%",
              },
              Object {
                "backgroundColor": "rgba(0, 0, 0, 0)",
              },
            ]
          }
        >
          <View>
            <Text
              style={
                Array [
                  Object {
                    "color": "#ffffff",
                    "fontFamily": "Roboto-Regular",
                    "fontSize": 15,
                  },
                  Object {
                    "color": "#ffffff",
                    "fontFamily": "Roboto-Regular",
                    "textAlign": "center",
                  },
                ]
              }
            >
              <Text
                style={
                  Array [
                    Object {
                      "color": "#ffffff",
                      "fontFamily": "Roboto-Regular",
                      "fontSize": 15,
                    },
                    Object {
                      "color": "#ffffff",
                      "fontFamily": "Roboto-Regular",
                      "fontSize": 28,
                      "fontWeight": "bold",
                      "lineHeight": 38,
                      "textAlign": "center",
                    },
                  ]
                }
              >
                Your new app, 
              </Text>
              <Text
                style={
                  Array [
                    Object {
                      "color": "#ffffff",
                      "fontFamily": "Roboto-Regular",
                      "fontSize": 15,
                    },
                    Object {
                      "color": "#ffffff",
                      "fontFamily": "Roboto-Regular",
                      "fontSize": 26,
                      "fontStyle": "italic",
                      "fontWeight": "bold",
                    },
                  ]
                }
              >
                almost
              </Text>
              <Text
                style={
                  Array [
                    Object {
                      "color": "#ffffff",
                      "fontFamily": "Roboto-Regular",
                      "fontSize": 15,
                    },
                    Object {
                      "color": "#ffffff",
                      "fontFamily": "Roboto-Regular",
                      "fontSize": 28,
                      "fontWeight": "bold",
                      "lineHeight": 38,
                      "textAlign": "center",
                    },
                  ]
                }
              >
                !
              </Text>
            </Text>
            <Text
              style={
                Array [
                  Object {
                    "color": "#ffffff",
                    "fontFamily": "Roboto-Regular",
                    "fontSize": 15,
                  },
                  undefined,
                ]
              }
            >
              []
            </Text>
            <Text
              style={
                Array [
                  Object {
                    "color": "#ffffff",
                    "fontFamily": "Roboto-Regular",
                    "fontSize": 15,
                  },
                  Object {
                    "color": "#BAB6C8",
                    "fontFamily": "Roboto-Regular",
                    "fontSize": 15,
                    "lineHeight": 22,
                    "marginBottom": 24,
                  },
                ]
              }
            >
              This probably isn't what your app is going to look like. Unless your designer handed you this screen and, in that case, congrats! You're ready to ship.
            </Text>
            <View
              accessible={true}
              focusable={true}
              onClick={[Function]}
              onResponderGrant={[Function]}
              onResponderMove={[Function]}
              onResponderRelease={[Function]}
              onResponderTerminate={[Function]}
              onResponderTerminationRequest={[Function]}
              onStartShouldSetResponder={[Function]}
              style={
                Object {
                  "alignItems": "center",
                  "backgroundColor": "#FBA928",
                  "borderRadius": 4,
                  "justifyContent": "center",
                  "opacity": 1,
                  "paddingHorizontal": 8,
                  "paddingVertical": 8,
                }
              }
              testID="next-screen-button"
            >
              <Text
                style={
                  Array [
                    Object {
                      "color": "#ffffff",
                      "fontFamily": "Roboto-Regular",
                      "fontSize": 15,
                    },
                    Array [
                      Object {
                        "color": "#ffffff",
                        "fontSize": 9,
                        "paddingHorizontal": 12,
                      },
                      Object {
                        "color": "#ffffff",
                        "fontFamily": "Roboto-Regular",
                        "fontSize": 13,
                        "fontWeight": "bold",
                        "letterSpacing": 2,
                      },
                    ],
                  ]
                }
              >
                welcomeScreen.continue
              </Text>
            </View>
            <View
              accessible={true}
              focusable={true}
              onClick={[Function]}
              onResponderGrant={[Function]}
              onResponderMove={[Function]}
              onResponderRelease={[Function]}
              onResponderTerminate={[Function]}
              onResponderTerminationRequest={[Function]}
              onStartShouldSetResponder={[Function]}
              style={
                Object {
                  "opacity": 1,
                }
              }
            >
              <View
                style={
                  Object {
                    "backgroundColor": "#EB9918",
                    "borderColor": "transparent",
                    "borderRadius": 4,
                    "borderStyle": "solid",
                    "borderWidth": 0,
                    "elevation": 0,
                    "marginTop": 20,
                    "minWidth": 64,
                  }
                }
              >
                <View
                  accessibilityRole="button"
                  accessibilityState={
                    Object {
                      "disabled": undefined,
                    }
                  }
                  accessible={true}
                  focusable={false}
                  onClick={[Function]}
                  onResponderGrant={[Function]}
                  onResponderMove={[Function]}
                  onResponderRelease={[Function]}
                  onResponderTerminate={[Function]}
                  onResponderTerminationRequest={[Function]}
                  onStartShouldSetResponder={[Function]}
                  style={
                    Array [
                      Object {
                        "overflow": "hidden",
                      },
                      Object {
                        "borderRadius": 4,
                      },
                    ]
                  }
                >
                  <View
                    style={
                      Array [
                        Object {
                          "alignItems": "center",
                          "flexDirection": "row",
                          "justifyContent": "center",
                        },
                        undefined,
                      ]
                    }
                  >
                    <View
                      style={
                        Object {
                          "marginLeft": 12,
                          "marginRight": -4,
                        }
                      }
                    >
                      <Text
                        accessibilityElementsHidden={true}
                        importantForAccessibility="no-hide-descendants"
                        pointerEvents="none"
                        selectable={false}
                        style={
                          Array [
                            Object {
                              "backgroundColor": "transparent",
                            },
                            Object {
                              "color": "#ffffff",
                              "fontSize": 16,
                            },
                          ]
                        }
                      >
                        □
                      </Text>
                    </View>
                    <Text
                      numberOfLines={1}
                      selectable={false}
                      style={
                        Array [
                          Object {
                            "color": "#000000",
                            "fontFamily": "System",
                            "fontWeight": "400",
                          },
                          Object {
                            "textAlign": "left",
                          },
                          Array [
                            Object {
                              "letterSpacing": 1,
                              "marginHorizontal": 16,
                              "marginVertical": 9,
                              "textAlign": "center",
                            },
                            undefined,
                            Object {
                              "textTransform": "uppercase",
                            },
                            Object {
                              "color": "#ffffff",
                              "fontFamily": "System",
                              "fontWeight": "500",
                            },
                            Object {
                              "fontFamily": "System",
                              "fontWeight": "500",
                            },
                            undefined,
                          ],
                        ]
                      }
                    >
                      Change Theme - RNP Button
                    </Text>
                  </View>
                </View>
              </View>
            </View>
          </View>
        </RCTScrollView>
      </View>
    </View>
    <RCTSafeAreaView
      emulateUnlessSupported={true}
      style={
        Object {
          "backgroundColor": "#1C680D",
        }
      }
    >
      <View
        style={
          Object {
            "paddingHorizontal": 16,
            "paddingVertical": 16,
          }
        }
      >
        <View
          accessible={true}
          focusable={true}
          onClick={[Function]}
          onResponderGrant={[Function]}
          onResponderMove={[Function]}
          onResponderRelease={[Function]}
          onResponderTerminate={[Function]}
          onResponderTerminationRequest={[Function]}
          onStartShouldSetResponder={[Function]}
          style={
            Object {
              "alignItems": "center",
              "backgroundColor": "#5D2555",
              "borderRadius": 4,
              "justifyContent": "center",
              "opacity": 1,
              "paddingHorizontal": 16,
              "paddingVertical": 16,
            }
          }
          testID="next-screen-button"
        >
          <Text
            style={
              Array [
                Object {
                  "color": "#ffffff",
                  "fontFamily": "Roboto-Regular",
                  "fontSize": 15,
                },
                Array [
                  Object {
                    "color": "#ffffff",
                    "fontSize": 9,
                    "paddingHorizontal": 12,
                  },
                  Object {
                    "color": "#ffffff",
                    "fontFamily": "Roboto-Regular",
                    "fontSize": 13,
                    "fontWeight": "bold",
                    "letterSpacing": 2,
                  },
                ],
              ]
            }
          >
            welcomeScreen.continue
          </Text>
        </View>
      </View>
    </RCTSafeAreaView>
  </View>
</RNCSafeAreaProvider>
`;
